// Jest Snapshot v1, https://goo.gl/fbAQLP

exports[`Providers renders as expected 1`] = `
<div
  id="category"
>
  <h2>
    Example Category
  </h2>
  <div
    className="MuiGrid-root MuiGrid-container MuiGrid-justify-xs-space-evenly"
  >
    <script
      dangerouslySetInnerHTML={
        Object {
          "__html": "{\\"@context\\":\\"https://schema.org\\",\\"@type\\":\\"SoftwareApplication\\",\\"@id\\":\\"https://example.dev/provider\\",\\"applicationCategory\\":\\"Development Tool\\",\\"applicationSubCategory\\":\\"Atom Package\\",\\"name\\":\\"Example Package\\",\\"url\\":\\"https://example.dev/provider\\",\\"mainEntityOfPage\\":\\"https://example.dev/provider\\",\\"operatingSystem\\":\\"macOS, Windows, Linux\\"}",
        }
      }
      type="application/ld+json"
    />
    <div
      className="MuiGrid-root makeStyles-gridItem-104 MuiGrid-item"
    >
      <div
        className="MuiPaper-root MuiPaper-elevation1 MuiCard-root makeStyles-cardBase-105 MuiPaper-rounded"
      >
        <div
          className="MuiCardContent-root"
        >
          <h2>
            Example Type
          </h2>
        </div>
        <hr
          className="MuiDivider-root"
        />
        <div
          className="MuiCardActions-root MuiCardActions-spacing"
        >
          <div
            className="MuiGrid-root MuiGrid-container MuiGrid-direction-xs-column MuiGrid-wrap-xs-nowrap"
          >
            <a
              aria-disabled={false}
              className="MuiButtonBase-root MuiButton-root MuiButton-text MuiButton-text"
              href="https://example.dev/provider"
              onBlur={[Function]}
              onDragLeave={[Function]}
              onFocus={[Function]}
              onKeyDown={[Function]}
              onKeyUp={[Function]}
              onMouseDown={[Function]}
              onMouseLeave={[Function]}
              onMouseUp={[Function]}
              onTouchEnd={[Function]}
              onTouchMove={[Function]}
              onTouchStart={[Function]}
              tabIndex={0}
            >
              <span
                className="MuiButton-label"
              >
                Example Package
              </span>
            </a>
          </div>
        </div>
      </div>
    </div>
  </div>
</div>
`;
