// Jest Snapshot v1, https://goo.gl/fbAQLP

exports[`Nav opens the drawer when the menu icon is pressed 1`] = `
<div
  data-testid="drawer-content"
  role="presentation"
>
  <ul
    class="MuiList-root MuiList-padding"
  >
    <a
      aria-disabled="false"
      class="MuiButtonBase-root MuiListItem-root MuiListItem-gutters MuiListItem-button"
      href="https://example.dev/"
      tabindex="0"
    >
      <div
        class="MuiListItemText-root"
      >
        <span
          class="MuiTypography-root MuiListItemText-primary MuiTypography-body1"
        >
          Example Link
        </span>
      </div>
      <span
        class="MuiTouchRipple-root"
      />
    </a>
  </ul>
  <hr
    class="MuiDivider-root"
  />
  <ul
    class="MuiList-root MuiList-padding"
  >
    <a
      aria-disabled="false"
      class="MuiButtonBase-root MuiListItem-root MuiListItem-gutters MuiListItem-button"
      href="#example"
      tabindex="0"
    >
      <div
        class="MuiListItemText-root"
      >
        <span
          class="MuiTypography-root MuiListItemText-primary MuiTypography-body1"
        >
          Example Section
        </span>
      </div>
      <span
        class="MuiTouchRipple-root"
      />
    </a>
  </ul>
</div>
`;

exports[`Nav renders as expected 1`] = `
<nav
  className="makeStyles-root-1"
>
  <header
    className="MuiPaper-root MuiPaper-elevation4 MuiAppBar-root MuiAppBar-positionStatic makeStyles-bar-2 MuiAppBar-colorPrimary"
  >
    <div
      className="MuiToolbar-root MuiToolbar-regular MuiToolbar-gutters"
    >
      <button
        aria-label="menu"
        className="MuiButtonBase-root MuiIconButton-root makeStyles-menuButton-3 MuiIconButton-colorInherit MuiIconButton-edgeStart"
        disabled={false}
        onBlur={[Function]}
        onClick={[Function]}
        onDragLeave={[Function]}
        onFocus={[Function]}
        onKeyDown={[Function]}
        onKeyUp={[Function]}
        onMouseDown={[Function]}
        onMouseLeave={[Function]}
        onMouseUp={[Function]}
        onTouchEnd={[Function]}
        onTouchMove={[Function]}
        onTouchStart={[Function]}
        tabIndex={0}
        type="button"
      >
        <span
          className="MuiIconButton-label"
        >
          <svg
            aria-hidden="true"
            className="MuiSvgIcon-root"
            focusable="false"
            role="presentation"
            viewBox="0 0 24 24"
          >
            <path
              d="M3 18h18v-2H3v2zm0-5h18v-2H3v2zm0-7v2h18V6H3z"
            />
          </svg>
        </span>
        <span
          className="MuiTouchRipple-root"
        />
      </button>
      <h6
        className="MuiTypography-root makeStyles-title-4 MuiTypography-h6"
      >
        Example Site
      </h6>
    </div>
  </header>
</nav>
`;
